#-----------------------------------------------------------
# Vivado v2024.1 (64-bit)
# SW Build 5076996 on Wed May 22 18:37:14 MDT 2024
# IP Build 5075265 on Wed May 22 21:45:21 MDT 2024
# SharedData Build 5076995 on Wed May 22 18:29:18 MDT 2024
# Start of session at: Thu Oct 31 12:00:54 2024
# Process ID: 56256
# Current directory: D:/Coolyeah/Semester 7/MSIB 7/Polytron/Tugas Pak Sutisna/PE_Desain/PE.runs/synth_1
# Command line: vivado.exe -log register.vds -product Vivado -mode batch -messageDb vivado.pb -notrace -source register.tcl
# Log file: D:/Coolyeah/Semester 7/MSIB 7/Polytron/Tugas Pak Sutisna/PE_Desain/PE.runs/synth_1/register.vds
# Journal file: D:/Coolyeah/Semester 7/MSIB 7/Polytron/Tugas Pak Sutisna/PE_Desain/PE.runs/synth_1\vivado.jou
# Running On        :MSI
# Platform          :Windows Server 2016 or Windows 10
# Operating System  :22631
# Processor Detail  :11th Gen Intel(R) Core(TM) i7-11800H @ 2.30GHz
# CPU Frequency     :2304 MHz
# CPU Physical cores:8
# CPU Logical cores :16
# Host memory       :16866 MB
# Swap memory       :10204 MB
# Total Virtual     :27071 MB
# Available Virtual :4148 MB
#-----------------------------------------------------------
source register.tcl -notrace
